// Jest Snapshot v1, https://goo.gl/fbAQLP

exports[`project-account-switcher/presenters/PanelPresenter  1`] = `
.emotion-0 {
  margin: 0;
  padding: 0 10px 10px 10px;
}

.emotion-2 {
  background-color: #ffffff;
  border-radius: 4px;
  border: none;
  box-shadow: 0 0 16px rgba(0,0,0,0.2);
}

.emotion-1 {
  position: relative;
}

<div
  className="emotion-2"
  style={
    Object {
      "maxHeight": undefined,
    }
  }
>
  <div
    className="emotion-1"
  >
    <div
      className="emotion-0"
    />
  </div>
</div>
`;

exports[`project-account-switcher/presenters/PanelPresenter  2`] = `
.emotion-0 {
  margin: 0;
  padding: 0 10px 10px 10px;
}

.emotion-2 {
  background-color: #ffffff;
  border-radius: 4px;
  border: none;
  box-shadow: 0 0 16px rgba(0,0,0,0.2);
}

.emotion-1 {
  position: relative;
}

<div
  className="emotion-2"
  style={
    Object {
      "maxHeight": undefined,
    }
  }
>
  <div
    className="emotion-1"
  >
    <div
      className="emotion-0"
    >
      hello
    </div>
  </div>
</div>
`;
