// Jest Snapshot v1, https://goo.gl/fbAQLP

exports[`IconButtonPresenter renders correctly 1`] = `
.emotion-1 {
  border: 2px solid transparent;
  display: inline-block;
  position: relative;
  cursor: pointer;
  box-sizing: border-box;
  border-radius: 2px;
  padding: 0;
  height: calc(20px + (8px * 2));
  line-height: calc(20px + (8px * 2));
  width: calc(20px + (8px * 2));
  outline: 0;
  -webkit-transition-property: box-shadow,background-color;
  transition-property: box-shadow,background-color;
  -webkit-transition-duration: 0.3s,0.3s;
  transition-duration: 0.3s,0.3s;
  -webkit-transition-timing-function: cubic-bezier(0.4,0,0.2,1),cubic-bezier(0.4,0,0.2,1);
  transition-timing-function: cubic-bezier(0.4,0,0.2,1),cubic-bezier(0.4,0,0.2,1);
  box-shadow: none;
  background-color: transparent;
}

.emotion-1 svg * {
  fill: #808080;
  -webkit-transition-duration: 0.3s;
  transition-duration: 0.3s;
  -webkit-transition-property: fill;
  transition-property: fill;
}

.emotion-0 {
  fill: #808080;
  pointer-events: none;
  position: absolute;
  left: 0;
  right: 0;
  margin: 0 auto;
  top: 50%;
  -webkit-transform: translateY(-50%);
  -ms-transform: translateY(-50%);
  transform: translateY(-50%);
  pointer-events: none;
}

.emotion-0 > * {
  fill: #808080;
  pointer-events: none;
}

<button
  className="emotion-1"
  disabled={undefined}
  onBlur={undefined}
  onClick={undefined}
  onFocus={undefined}
  onMouseDown={undefined}
  onMouseEnter={undefined}
  onMouseLeave={undefined}
  onMouseUp={undefined}
  tabIndex="0"
  title="Settings"
>
  <svg
    className="emotion-0"
    height="24px"
    viewBox="0 0 24 24"
    width="24px"
    xmlns="http://www.w3.org/2000/svg"
  >
    <title>
      settings-24
    </title>
    <path
      d="M12 7.67A4.33 4.33 0 1 0 16.33 12 4.34 4.34 0 0 0 12 7.67zm0 7.66A3.33 3.33 0 1 1 15.33 12 3.33 3.33 0 0 1 12 15.33z"
    />
    <path
      d="M22 14v-4h-2.95a7.22 7.22 0 0 0-.65-1.57l2.09-2.09-2.83-2.83-2.09 2.09A7.22 7.22 0 0 0 14 5V2h-4v3a7.22 7.22 0 0 0-1.57.65L6.34 3.51 3.51 6.34 5.6 8.43A7.22 7.22 0 0 0 5 10H2v4h3a7.22 7.22 0 0 0 .65 1.57l-2.14 2.09 2.83 2.83 2.09-2.09a7.22 7.22 0 0 0 1.57.65V22h4v-2.95a7.22 7.22 0 0 0 1.57-.65l2.09 2.09 2.83-2.83-2.09-2.09a7.22 7.22 0 0 0 .65-1.57zm-2.93 3.66l-1.41 1.41-1.91-1.91-.66.37a7.07 7.07 0 0 1-1.36.56l-.73.2V21h-2v-2.71l-.73-.2a7.07 7.07 0 0 1-1.36-.56l-.66-.37-1.91 1.91-1.41-1.41 1.91-1.92-.37-.66a6.73 6.73 0 0 1-.56-1.35l-.2-.73H3v-2h2.71l.2-.73a6.73 6.73 0 0 1 .56-1.35l.37-.66-1.91-1.92 1.41-1.41 1.91 1.91.66-.37a7.07 7.07 0 0 1 1.36-.56l.73-.2V3h2v2.71l.73.2a7.07 7.07 0 0 1 1.36.56l.66.37 1.91-1.91 1.41 1.41-1.91 1.92.37.66a6.73 6.73 0 0 1 .56 1.35l.2.73H21v2h-2.71l-.2.73a6.73 6.73 0 0 1-.56 1.35l-.37.66z"
    />
  </svg>
</button>
`;

exports[`IconButtonPresenter renders correctly when disabled 1`] = `
.emotion-0 {
  fill: #808080;
  pointer-events: none;
  position: absolute;
  left: 0;
  right: 0;
  margin: 0 auto;
  top: 50%;
  -webkit-transform: translateY(-50%);
  -ms-transform: translateY(-50%);
  transform: translateY(-50%);
  pointer-events: none;
}

.emotion-0 > * {
  fill: #808080;
  pointer-events: none;
}

.emotion-1 {
  border: 2px solid transparent;
  display: inline-block;
  position: relative;
  cursor: pointer;
  box-sizing: border-box;
  border-radius: 2px;
  padding: 0;
  height: calc(20px + (8px * 2));
  line-height: calc(20px + (8px * 2));
  width: calc(20px + (8px * 2));
  outline: 0;
  -webkit-transition-property: box-shadow,background-color;
  transition-property: box-shadow,background-color;
  -webkit-transition-duration: 0.3s,0.3s;
  transition-duration: 0.3s,0.3s;
  -webkit-transition-timing-function: cubic-bezier(0.4,0,0.2,1),cubic-bezier(0.4,0,0.2,1);
  transition-timing-function: cubic-bezier(0.4,0,0.2,1),cubic-bezier(0.4,0,0.2,1);
  box-shadow: none;
  background-color: transparent;
  opacity: 0.4;
  pointer-events: none;
}

.emotion-1 svg * {
  fill: #808080;
  -webkit-transition-duration: 0.3s;
  transition-duration: 0.3s;
  -webkit-transition-property: fill;
  transition-property: fill;
}

<a
  className="emotion-1"
  disabled={true}
  href="//example.com"
  onBlur={undefined}
  onClick={undefined}
  onFocus={undefined}
  onMouseDown={undefined}
  onMouseEnter={undefined}
  onMouseLeave={undefined}
  onMouseUp={undefined}
  tabIndex="-1"
  title="Settings"
>
  <svg
    className="emotion-0"
    height="24px"
    viewBox="0 0 24 24"
    width="24px"
    xmlns="http://www.w3.org/2000/svg"
  >
    <title>
      settings-24
    </title>
    <path
      d="M12 7.67A4.33 4.33 0 1 0 16.33 12 4.34 4.34 0 0 0 12 7.67zm0 7.66A3.33 3.33 0 1 1 15.33 12 3.33 3.33 0 0 1 12 15.33z"
    />
    <path
      d="M22 14v-4h-2.95a7.22 7.22 0 0 0-.65-1.57l2.09-2.09-2.83-2.83-2.09 2.09A7.22 7.22 0 0 0 14 5V2h-4v3a7.22 7.22 0 0 0-1.57.65L6.34 3.51 3.51 6.34 5.6 8.43A7.22 7.22 0 0 0 5 10H2v4h3a7.22 7.22 0 0 0 .65 1.57l-2.14 2.09 2.83 2.83 2.09-2.09a7.22 7.22 0 0 0 1.57.65V22h4v-2.95a7.22 7.22 0 0 0 1.57-.65l2.09 2.09 2.83-2.83-2.09-2.09a7.22 7.22 0 0 0 .65-1.57zm-2.93 3.66l-1.41 1.41-1.91-1.91-.66.37a7.07 7.07 0 0 1-1.36.56l-.73.2V21h-2v-2.71l-.73-.2a7.07 7.07 0 0 1-1.36-.56l-.66-.37-1.91 1.91-1.41-1.41 1.91-1.92-.37-.66a6.73 6.73 0 0 1-.56-1.35l-.2-.73H3v-2h2.71l.2-.73a6.73 6.73 0 0 1 .56-1.35l.37-.66-1.91-1.92 1.41-1.41 1.91 1.91.66-.37a7.07 7.07 0 0 1 1.36-.56l.73-.2V3h2v2.71l.73.2a7.07 7.07 0 0 1 1.36.56l.66.37 1.91-1.91 1.41 1.41-1.91 1.92.37.66a6.73 6.73 0 0 1 .56 1.35l.2.73H21v2h-2.71l-.2.73a6.73 6.73 0 0 1-.56 1.35l-.37.66z"
    />
  </svg>
</a>
`;

exports[`IconButtonPresenter renders correctly with a link 1`] = `
.emotion-1 {
  border: 2px solid transparent;
  display: inline-block;
  position: relative;
  cursor: pointer;
  box-sizing: border-box;
  border-radius: 2px;
  padding: 0;
  height: calc(20px + (8px * 2));
  line-height: calc(20px + (8px * 2));
  width: calc(20px + (8px * 2));
  outline: 0;
  -webkit-transition-property: box-shadow,background-color;
  transition-property: box-shadow,background-color;
  -webkit-transition-duration: 0.3s,0.3s;
  transition-duration: 0.3s,0.3s;
  -webkit-transition-timing-function: cubic-bezier(0.4,0,0.2,1),cubic-bezier(0.4,0,0.2,1);
  transition-timing-function: cubic-bezier(0.4,0,0.2,1),cubic-bezier(0.4,0,0.2,1);
  box-shadow: none;
  background-color: transparent;
}

.emotion-1 svg * {
  fill: #808080;
  -webkit-transition-duration: 0.3s;
  transition-duration: 0.3s;
  -webkit-transition-property: fill;
  transition-property: fill;
}

.emotion-0 {
  fill: #808080;
  pointer-events: none;
  position: absolute;
  left: 0;
  right: 0;
  margin: 0 auto;
  top: 50%;
  -webkit-transform: translateY(-50%);
  -ms-transform: translateY(-50%);
  transform: translateY(-50%);
  pointer-events: none;
}

.emotion-0 > * {
  fill: #808080;
  pointer-events: none;
}

<a
  className="emotion-1"
  disabled={undefined}
  href="//example.com"
  onBlur={undefined}
  onClick={undefined}
  onFocus={undefined}
  onMouseDown={undefined}
  onMouseEnter={undefined}
  onMouseLeave={undefined}
  onMouseUp={undefined}
  tabIndex="0"
  title="Settings"
>
  <svg
    className="emotion-0"
    height="24px"
    viewBox="0 0 24 24"
    width="24px"
    xmlns="http://www.w3.org/2000/svg"
  >
    <title>
      settings-24
    </title>
    <path
      d="M12 7.67A4.33 4.33 0 1 0 16.33 12 4.34 4.34 0 0 0 12 7.67zm0 7.66A3.33 3.33 0 1 1 15.33 12 3.33 3.33 0 0 1 12 15.33z"
    />
    <path
      d="M22 14v-4h-2.95a7.22 7.22 0 0 0-.65-1.57l2.09-2.09-2.83-2.83-2.09 2.09A7.22 7.22 0 0 0 14 5V2h-4v3a7.22 7.22 0 0 0-1.57.65L6.34 3.51 3.51 6.34 5.6 8.43A7.22 7.22 0 0 0 5 10H2v4h3a7.22 7.22 0 0 0 .65 1.57l-2.14 2.09 2.83 2.83 2.09-2.09a7.22 7.22 0 0 0 1.57.65V22h4v-2.95a7.22 7.22 0 0 0 1.57-.65l2.09 2.09 2.83-2.83-2.09-2.09a7.22 7.22 0 0 0 .65-1.57zm-2.93 3.66l-1.41 1.41-1.91-1.91-.66.37a7.07 7.07 0 0 1-1.36.56l-.73.2V21h-2v-2.71l-.73-.2a7.07 7.07 0 0 1-1.36-.56l-.66-.37-1.91 1.91-1.41-1.41 1.91-1.92-.37-.66a6.73 6.73 0 0 1-.56-1.35l-.2-.73H3v-2h2.71l.2-.73a6.73 6.73 0 0 1 .56-1.35l.37-.66-1.91-1.92 1.41-1.41 1.91 1.91.66-.37a7.07 7.07 0 0 1 1.36-.56l.73-.2V3h2v2.71l.73.2a7.07 7.07 0 0 1 1.36.56l.66.37 1.91-1.91 1.41 1.41-1.91 1.92.37.66a6.73 6.73 0 0 1 .56 1.35l.2.73H21v2h-2.71l-.2.73a6.73 6.73 0 0 1-.56 1.35l-.37.66z"
    />
  </svg>
</a>
`;
