// Jest Snapshot v1, https://goo.gl/fbAQLP

exports[`IconButton renders correctly 1`] = `
<button
  className="hig__icon-button hig__icon-button--primary"
  title="Settings"
>
  <svg
    className="hig__icon-button__icon"
    height="24"
    viewBox="0 0 24 24"
    width="24"
    xmlns="http://www.w3.org/2000/svg"
  >
    <title>
      settings-24
    </title>
    <path
      d="M21.94 10.85a1 1 0 0 0-.86-1l-1.74-.24-.47-1.13 1.06-1.4a1 1 0 0 0-.09-1.31l-1.63-1.61a1 1 0 0 0-1.31-.08l-1.39 1.06-1.15-.48-.24-1.76a1 1 0 0 0-1-.86h-2.28a1 1 0 0 0-1 .87l-.22 1.76-1.12.47-1.42-1.08a1 1 0 0 0-1.31.09L4.15 5.78a1 1 0 0 0-.08 1.31l1.07 1.4-.48 1.14-1.76.24a1 1 0 0 0-.87 1v2.29a1 1 0 0 0 .86 1l1.77.24.47 1.11-1.08 1.4a1 1 0 0 0 .09 1.32l1.62 1.61a1 1 0 0 0 1.31.09l1.41-1.07 1.13.47.24 1.77a1 1 0 0 0 1 .86h2.29a1 1 0 0 0 1-.87l.23-1.74 1.14-.48 1.4 1.07a1 1 0 0 0 1.32-.09l1.61-1.62a1 1 0 0 0 .09-1.31l-1.06-1.39.48-1.15 1.75-.24a1 1 0 0 0 .86-1zm-3.31 2.62l-.92 2.2 1.41 1.85-1.61 1.62-1.86-1.42-2.21.92-.31 2.36h-2.29l-.32-2.33-2.18-.91-1.87 1.37-1.62-1.61 1.43-1.87-.91-2.18L3 13.15v-2.29l2.33-.31.92-2.2-1.39-1.87 1.61-1.62 1.88 1.42 2.19-.91.3-2.37h2.29l.32 2.32 2.21.92 1.84-1.41 1.62 1.61-1.4 1.91.92 2.19 2.31.31v2.29z"
    />
    <path
      d="M12 8a4 4 0 1 0 4 4 4 4 0 0 0-4-4zm0 7a3 3 0 1 1 3-3 3 3 0 0 1-3 3z"
    />
  </svg>
</button>
`;

exports[`IconButton renders correctly with a link 1`] = `
<a
  className="hig__icon-button hig__icon-button--primary"
  href="//example.com"
  tabIndex="0"
  title="Settings"
>
  <svg
    className="hig__icon-button__icon"
    height="24"
    viewBox="0 0 24 24"
    width="24"
    xmlns="http://www.w3.org/2000/svg"
  >
    <title>
      settings-24
    </title>
    <path
      d="M21.94 10.85a1 1 0 0 0-.86-1l-1.74-.24-.47-1.13 1.06-1.4a1 1 0 0 0-.09-1.31l-1.63-1.61a1 1 0 0 0-1.31-.08l-1.39 1.06-1.15-.48-.24-1.76a1 1 0 0 0-1-.86h-2.28a1 1 0 0 0-1 .87l-.22 1.76-1.12.47-1.42-1.08a1 1 0 0 0-1.31.09L4.15 5.78a1 1 0 0 0-.08 1.31l1.07 1.4-.48 1.14-1.76.24a1 1 0 0 0-.87 1v2.29a1 1 0 0 0 .86 1l1.77.24.47 1.11-1.08 1.4a1 1 0 0 0 .09 1.32l1.62 1.61a1 1 0 0 0 1.31.09l1.41-1.07 1.13.47.24 1.77a1 1 0 0 0 1 .86h2.29a1 1 0 0 0 1-.87l.23-1.74 1.14-.48 1.4 1.07a1 1 0 0 0 1.32-.09l1.61-1.62a1 1 0 0 0 .09-1.31l-1.06-1.39.48-1.15 1.75-.24a1 1 0 0 0 .86-1zm-3.31 2.62l-.92 2.2 1.41 1.85-1.61 1.62-1.86-1.42-2.21.92-.31 2.36h-2.29l-.32-2.33-2.18-.91-1.87 1.37-1.62-1.61 1.43-1.87-.91-2.18L3 13.15v-2.29l2.33-.31.92-2.2-1.39-1.87 1.61-1.62 1.88 1.42 2.19-.91.3-2.37h2.29l.32 2.32 2.21.92 1.84-1.41 1.62 1.61-1.4 1.91.92 2.19 2.31.31v2.29z"
    />
    <path
      d="M12 8a4 4 0 1 0 4 4 4 4 0 0 0-4-4zm0 7a3 3 0 1 1 3-3 3 3 0 0 1-3 3z"
    />
  </svg>
</a>
`;
