// Jest Snapshot v1, https://goo.gl/fbAQLP

exports[`checkbox/Checkbox integration renders correctly 1`] = `
.emotion-6 {
  box-sizing: border-box;
  display: inline-block;
  position: relative;
  height: 16px;
  width: 16px;
}

.emotion-0 {
  opacity: 0;
  position: absolute;
  width: 100%;
  height: 100%;
  top: 0;
  left: 0;
  z-index: 1;
  padding: 0;
  margin: 0;
}

.emotion-5 {
  position: relative;
  display: block;
  box-sizing: border-box;
  color: transparent;
  border: 1px solid rgba(128,128,128,0.5);
  background-color: transparent;
  text-align: center;
  font-size: 25px;
  line-height: 14px;
  height: 16px;
  width: 16px;
  border-radius: 0;
  cursor: default;
  -webkit-transition-duration: 0.3s,0.3s;
  transition-duration: 0.3s,0.3s;
  -webkit-transition-property: box-shadow,border;
  transition-property: box-shadow,border;
  -webkit-transition-timing-function: cubic-bezier(0.4,0,0.2,1),cubic-bezier(0.4,0,0.2,1);
  transition-timing-function: cubic-bezier(0.4,0,0.2,1),cubic-bezier(0.4,0,0.2,1);
}

.emotion-5 svg {
  position: absolute;
  left: 50%;
  top: 50%;
  -webkit-transform: translateX(-50%) translateY(-50%);
  -ms-transform: translateX(-50%) translateY(-50%);
  transform: translateX(-50%) translateY(-50%);
  pointer-events: none;
}

.emotion-5 svg * {
  fill: #ffffff;
}

.emotion-2 {
  display: none;
}

.emotion-1 {
  fill: #808080;
  pointer-events: none;
}

.emotion-1 > * {
  fill: #808080;
  pointer-events: none;
}

<div
  className="emotion-6"
>
  <input
    checked={false}
    className="emotion-0"
    disabled={false}
    label="HIG Checkbox"
    name="checkbox"
    onBlur={[Function]}
    onChange={[Function]}
    onClick={undefined}
    onFocus={[Function]}
    onMouseDown={[Function]}
    onMouseEnter={[Function]}
    onMouseLeave={[Function]}
    onMouseUp={[Function]}
    type="checkbox"
    value="value"
  />
  <span
    className="emotion-5"
  >
    <span
      className="emotion-2"
    >
      <svg
        className="emotion-1"
        height="16px"
        viewBox="0 0 16 16"
        width="16px"
        xmlns="http://www.w3.org/2000/svg"
      >
        <title>
          checkmark-xs
        </title>
        <path
          d="M4.2 8.6l1.4-1.5 1.7 1.5 3.6-4 1.5 1.3-5 5.5-3.2-2.8z"
        />
      </svg>
    </span>
    <span
      className="emotion-2"
    >
      <svg
        className="emotion-1"
        height="16px"
        viewBox="0 0 16 16"
        width="16px"
        xmlns="http://www.w3.org/2000/svg"
      >
        <title>
          operator-minus-xs
        </title>
        <path
          d="M4 7h8v2H4z"
        />
      </svg>
    </span>
  </span>
</div>
`;
