// Jest Snapshot v1, https://goo.gl/fbAQLP

exports[`side-nav/CollapseButton snapshot tests renders minimized 1`] = `
.emotion-0 {
  fill: #808080;
  pointer-events: none;
}

.emotion-0 > * {
  fill: #808080;
  pointer-events: none;
}

.emotion-1 {
  -webkit-transform: rotate(-90deg);
  -ms-transform: rotate(-90deg);
  transform: rotate(-90deg);
  height: 100%;
  padding: 6px 10px;
  cursor: pointer;
}

<div
  aria-pressed={false}
  className="emotion-1"
  onClick={undefined}
  onKeyDown={undefined}
  role="button"
  tabIndex={0}
>
  <svg
    className="emotion-0"
    height="10px"
    viewBox="0 0 10 10"
    width="10px"
    xmlns="http://www.w3.org/2000/svg"
  >
    <title>
      caret-down-m
    </title>
    <path
      d="M8.71 3.22a.75.75 0 0 0-1.06 0L5 5.87 2.35 3.22a.75.75 0 0 0-1.06 0 .74.74 0 0 0 0 1.06l3.36 3.36a.5.5 0 0 0 .7 0l3.36-3.36a.74.74 0 0 0 0-1.06z"
    />
  </svg>
</div>
`;

exports[`side-nav/CollapseButton snapshot tests renders with event handlers 1`] = `
.emotion-1 {
  -webkit-transform: rotate(0deg);
  -ms-transform: rotate(0deg);
  transform: rotate(0deg);
  height: 100%;
  padding: 6px 10px;
  cursor: pointer;
}

.emotion-0 {
  fill: #808080;
  pointer-events: none;
}

.emotion-0 > * {
  fill: #808080;
  pointer-events: none;
}

<div
  aria-pressed={true}
  className="emotion-1"
  onClick={[Function]}
  onKeyDown={[Function]}
  role="button"
  tabIndex={0}
>
  <svg
    className="emotion-0"
    height="10px"
    viewBox="0 0 10 10"
    width="10px"
    xmlns="http://www.w3.org/2000/svg"
  >
    <title>
      caret-down-m
    </title>
    <path
      d="M8.71 3.22a.75.75 0 0 0-1.06 0L5 5.87 2.35 3.22a.75.75 0 0 0-1.06 0 .74.74 0 0 0 0 1.06l3.36 3.36a.5.5 0 0 0 .7 0l3.36-3.36a.74.74 0 0 0 0-1.06z"
    />
  </svg>
</div>
`;

exports[`side-nav/CollapseButton snapshot tests renders with no props 1`] = `
.emotion-1 {
  -webkit-transform: rotate(0deg);
  -ms-transform: rotate(0deg);
  transform: rotate(0deg);
  height: 100%;
  padding: 6px 10px;
  cursor: pointer;
}

.emotion-0 {
  fill: #808080;
  pointer-events: none;
}

.emotion-0 > * {
  fill: #808080;
  pointer-events: none;
}

<div
  aria-pressed={true}
  className="emotion-1"
  onClick={undefined}
  onKeyDown={undefined}
  role="button"
  tabIndex={0}
>
  <svg
    className="emotion-0"
    height="10px"
    viewBox="0 0 10 10"
    width="10px"
    xmlns="http://www.w3.org/2000/svg"
  >
    <title>
      caret-down-m
    </title>
    <path
      d="M8.71 3.22a.75.75 0 0 0-1.06 0L5 5.87 2.35 3.22a.75.75 0 0 0-1.06 0 .74.74 0 0 0 0 1.06l3.36 3.36a.5.5 0 0 0 .7 0l3.36-3.36a.74.74 0 0 0 0-1.06z"
    />
  </svg>
</div>
`;
