// Jest Snapshot v1, https://goo.gl/fbAQLP

exports[`notifications-flyout/presenters/NotificationPresenter renders with all props 1`] = `
<div
  className="hig__notification-v1"
  role="listitem"
  style={
    Object {
      "height": "3000px",
    }
  }
>
  <div
    className="hig__notification-v1__content hig__notification-v1__content--success hig__notification-v1__content--featured hig__notification-v1__content--unread"
  >
    <div
      className="hig__notification-v1__content-text"
    >
      <div
        className="hig__rich-text hig__rich-text--small"
      >
        foobar
      </div>
      2018-08-17
      <div
        className="hig__notification-v1__dismiss-button"
      >
        <button
          className="hig__icon-button hig__icon-button--transparent"
          onClick={[Function]}
          title="hello world"
        >
          <svg
            className="hig__icon-button__icon"
            viewBox="0 0 16 16"
            xmlns="http://www.w3.org/2000/svg"
          >
            <path
              d="M11.4 5.4l-.8-.8L8 7.3 5.4 4.6l-.8.8L7.3 8l-2.7 2.6.8.8L8 8.7l2.6 2.7.8-.8L8.7 8z"
            />
          </svg>
        </button>
      </div>
    </div>
  </div>
</div>
`;

exports[`notifications-flyout/presenters/NotificationPresenter renders without props 1`] = `
<div
  className="hig__notification-v1"
  role="listitem"
  style={
    Object {
      "height": undefined,
    }
  }
>
  <div
    className="hig__notification-v1__content"
  >
    <div
      className="hig__notification-v1__content-text"
    >
      <div
        className="hig__rich-text hig__rich-text--small"
      />
    </div>
  </div>
</div>
`;
