// Jest Snapshot v1, https://goo.gl/fbAQLP

exports[`Slider/presenters/Input renders correctly without a value 1`] = `
<input
  aria-valuemax={undefined}
  aria-valuemin={undefined}
  aria-valuenow={undefined}
  className="hig__slider__input"
  type="range"
/>
`;
