// Jest Snapshot v1, https://goo.gl/fbAQLP

exports[`Dropdown/presenters/InputPresenter renders with all props (that dropdown uses) 1`] = `
.emotion-4 {
  position: relative;
}

.emotion-0 {
  background-color: transparent;
  box-sizing: border-box;
  border: none;
  -webkit-appearance: none;
  -moz-appearance: none;
  appearance: none;
  padding-top: 4px;
  padding-right: 0;
  padding-bottom: 4px;
  padding-left: 0;
  outline: none;
  font-size: 14px;
  font-family: ArtifaktElement,sans-serif;
  font-weight: 600;
  line-height: 1.4;
  width: 100%;
  color: #3c3c3c;
  height: calc(36px - 2px);
  -webkit-transition-property: color;
  transition-property: color;
  -webkit-transition-duration: 0.3s;
  transition-duration: 0.3s;
  cursor: pointer;
}

.emotion-0::-webkit-input-placeholder {
  color: rgba(60,60,60,0.4);
}

.emotion-0::-moz-placeholder {
  color: rgba(60,60,60,0.4);
}

.emotion-0:-ms-input-placeholder {
  color: rgba(60,60,60,0.4);
}

.emotion-0::placeholder {
  color: rgba(60,60,60,0.4);
}

.emotion-0::-ms-input-placeholder {
  color: rgba(60,60,60,0.4);
}

.emotion-0::selection {
  background-color: rgba(128,128,128,0.2);
}

.emotion-3 {
  fill: #808080;
  pointer-events: none;
}

.emotion-3 > * {
  fill: #808080;
  pointer-events: none;
}

.emotion-2 {
  -webkit-box-flex: 2;
  -webkit-flex-grow: 2;
  -ms-flex-positive: 2;
  flex-grow: 2;
  position: relative;
  border-style: solid;
  border-color: transparent;
  border-width: 1px;
  border-bottom-color: rgba(128,128,128,0.35);
  border-bottom-style: solid;
  border-bottom-width: 1px;
  opacity: 0.4;
}

.emotion-1 {
  position: absolute;
  top: calc(100% + 1px);
  left: -1px;
  right: 0;
  width: calc(100% + 2px);
}

<div
  className="emotion-4"
>
  <div
    className="emotion-2"
  >
    <input
      className="emotion-0"
      disabled={true}
      id="id"
      onBlur={[Function]}
      onClick={[Function]}
      onFocus={[Function]}
      onMouseEnter={[Function]}
      onMouseLeave={[Function]}
      placeholder="placeholder"
      readOnly={true}
      required="this is required"
      type="button"
    />
    <div
      className="emotion-1"
    />
  </div>
  <svg
    className="emotion-3"
    color="#808080"
    height="10px"
    style={
      Object {
        "opacity": "0.4",
        "pointerEvents": "none",
        "position": "absolute",
        "right": "0",
        "top": "50%",
        "transform": "translateY(-50%)",
        "transition": "transform 0.3s, color 0.3s",
      }
    }
    viewBox="0 0 10 10"
    width="10px"
    xmlns="http://www.w3.org/2000/svg"
  >
    <title>
      caret-down-m
    </title>
    <path
      d="M8.71 3.22a.75.75 0 0 0-1.06 0L5 5.87 2.35 3.22a.75.75 0 0 0-1.06 0 .74.74 0 0 0 0 1.06l3.36 3.36a.5.5 0 0 0 .7 0l3.36-3.36a.74.74 0 0 0 0-1.06z"
    />
  </svg>
</div>
`;

exports[`Dropdown/presenters/InputPresenter renders without props 1`] = `
.emotion-4 {
  position: relative;
}

.emotion-2 {
  -webkit-box-flex: 2;
  -webkit-flex-grow: 2;
  -ms-flex-positive: 2;
  flex-grow: 2;
  position: relative;
  border-style: solid;
  border-color: transparent;
  border-width: 1px;
  border-bottom-color: rgba(128,128,128,0.35);
  border-bottom-style: solid;
  border-bottom-width: 1px;
}

.emotion-1 {
  position: absolute;
  top: calc(100% + 1px);
  left: -1px;
  right: 0;
  width: calc(100% + 2px);
  height: 0;
  background-color: rgba(128,128,128,0.15);
  -webkit-transition-property: height,color;
  transition-property: height,color;
  -webkit-transition-duration: 0.3s,0.3s;
  transition-duration: 0.3s,0.3s;
}

.emotion-0 {
  background-color: transparent;
  box-sizing: border-box;
  border: none;
  -webkit-appearance: none;
  -moz-appearance: none;
  appearance: none;
  padding-top: 4px;
  padding-right: 0;
  padding-bottom: 4px;
  padding-left: 0;
  outline: none;
  font-size: 14px;
  font-family: ArtifaktElement,sans-serif;
  font-weight: 600;
  line-height: 1.4;
  width: 100%;
  color: #3c3c3c;
  height: calc(36px - 2px);
  -webkit-transition-property: color;
  transition-property: color;
  -webkit-transition-duration: 0.3s;
  transition-duration: 0.3s;
  cursor: pointer;
}

.emotion-0::-webkit-input-placeholder {
  color: rgba(60,60,60,0.4);
}

.emotion-0::-moz-placeholder {
  color: rgba(60,60,60,0.4);
}

.emotion-0:-ms-input-placeholder {
  color: rgba(60,60,60,0.4);
}

.emotion-0::placeholder {
  color: rgba(60,60,60,0.4);
}

.emotion-0::-ms-input-placeholder {
  color: rgba(60,60,60,0.4);
}

.emotion-0::selection {
  background-color: rgba(128,128,128,0.2);
}

.emotion-3 {
  fill: #808080;
  pointer-events: none;
}

.emotion-3 > * {
  fill: #808080;
  pointer-events: none;
}

<div
  className="emotion-4"
>
  <div
    className="emotion-2"
  >
    <input
      className="emotion-0"
      disabled={undefined}
      onBlur={[Function]}
      onFocus={[Function]}
      onMouseEnter={[Function]}
      onMouseLeave={[Function]}
      readOnly={true}
    />
    <div
      className="emotion-1"
    />
  </div>
  <svg
    className="emotion-3"
    color="#808080"
    height="10px"
    style={
      Object {
        "opacity": 1,
        "pointerEvents": "none",
        "position": "absolute",
        "right": "0",
        "top": "50%",
        "transform": "translateY(-50%)",
        "transition": "transform 0.3s, color 0.3s",
      }
    }
    viewBox="0 0 10 10"
    width="10px"
    xmlns="http://www.w3.org/2000/svg"
  >
    <title>
      caret-down-m
    </title>
    <path
      d="M8.71 3.22a.75.75 0 0 0-1.06 0L5 5.87 2.35 3.22a.75.75 0 0 0-1.06 0 .74.74 0 0 0 0 1.06l3.36 3.36a.5.5 0 0 0 .7 0l3.36-3.36a.74.74 0 0 0 0-1.06z"
    />
  </svg>
</div>
`;
