// Jest Snapshot v1, https://goo.gl/fbAQLP

exports[`side-nav/containers/BelowTopNav snapshot tests renders without props 1`] = `
<div
  className="hig--light-theme hig__side-nav-container--below-top-nav"
/>
`;
