// Jest Snapshot v1, https://goo.gl/fbAQLP

exports[`banner/BannerAction/BannerAction renders with children 1`] = `
<div
  className="hig__banner__action"
>
  Hello
</div>
`;
