// Jest Snapshot v1, https://goo.gl/fbAQLP

exports[`TextFieldPresenter renders with all props 1`] = `
<div
  className="hig__text-field-v1 hig__text-field-v1--button hig__text-field-v1--required hig__text-field-v1--disabled hig__text-field-v1--clear-button-visible hig__text-field-v1--with-errors"
>
  <div
    className="hig__text-field-v1__content hig__text-field-v1__content--with-icon"
  >
    <div
      className="hig__text-field-v1__input-wrapper hig__text-field-v1__input-wrapper--focused hig__text-field-v1__input-wrapper--with-errors hig__text-field-v1__input-wrapper--disabled"
    >
      <span
        className="hig__text-field-v1__label-spacer"
      />
      <label
        className="hig__text-field-v1__label hig__text-field-v1__label--input-focused hig__text-field-v1__label--required hig__text-field-v1__label--with-value"
        htmlFor="my-form-id"
      >
        label text
      </label>
      <div
        className="hig__text-field-v1__input-row"
      >
        <label
          className="hig__text-field-v1__icon hig__text-field-v1__icon--disabled"
          htmlFor="my-form-id"
        >
          <span
            data-hig="icon"
          />
        </label>
        <input
          className="hig__text-field-v1__input"
          disabled={true}
          id="my-form-id"
          name="name text"
          onBlur={[Function]}
          onChange={[Function]}
          onFocus={[Function]}
          onInput={[Function]}
          placeholder="placeholder text"
          readOnly={true}
          type="button"
          value="hello world"
        />
        <span
          className="hig__text-field-v1__clear"
        >
          <button
            className="hig__icon-button hig__icon-button--transparent"
            onBlur={undefined}
            onClick={[Function]}
            onFocus={undefined}
            onMouseEnter={undefined}
            onMouseLeave={undefined}
            title="Clear field"
          >
            <span
              className="hig__icon-button__icon"
            >
              <div
                className="hig__icon hig__icon--24-size"
                dangerouslySetInnerHTML={
                  Object {
                    "__html": "<svg xmlns=\\"http://www.w3.org/2000/svg\\" width=\\"24\\" height=\\"24\\" viewBox=\\"0 0 24 24\\" role=\\"img\\" title=\\"clear-small-24\\"><g fill=\\"#2e4258\\"><path d=\\"M12,22A10,10,0,1,1,22,12,10,10,0,0,1,12,22ZM12,3a9,9,0,1,0,9,9A9,9,0,0,0,12,3Z\\"/><polygon points=\\"15.45 7.47 11.97 10.95 8.51 7.47 7.45 8.53 10.91 12.01 7.45 15.47 8.51 16.53 11.97 13.07 15.42 16.53 16.48 15.47 13.03 12.01 16.51 8.53 15.45 7.47\\"/></g></svg>",
                  }
                }
              />
            </span>
          </button>
        </span>
      </div>
    </div>
    <p
      className="hig__text-field-v1__errors"
    >
      error text
    </p>
    <p
      className="hig__text-field-v1__required-notice"
    >
      required text
    </p>
  </div>
</div>
`;

exports[`TextFieldPresenter renders without props 1`] = `
<div
  className="hig__text-field-v1"
>
  <div
    className="hig__text-field-v1__content"
  >
    <div
      className="hig__text-field-v1__input-wrapper"
    >
      <div
        className="hig__text-field-v1__input-row"
      >
        <input
          className="hig__text-field-v1__input hig__text-field-v1__input--no-value"
          id="text-field-1"
          onBlur={[Function]}
          onFocus={[Function]}
          type="text"
        />
      </div>
    </div>
  </div>
</div>
`;
