// Jest Snapshot v1, https://goo.gl/fbAQLP

exports[`side-nav/containers/BelowTopNavCompact snapshot tests renders without props 1`] = `
.emotion-0 {
  background-color: #ffffff;
  padding: 0 0;
  border-radius: 0;
}

<div
  className="emotion-0"
/>
`;
