// Jest Snapshot v1, https://goo.gl/fbAQLP

exports[`side-nav/containers/Docked snapshot tests renders without props 1`] = `
.emotion-0 {
  font-family: ArtifaktElement;
  line-height: 1.6;
  box-sizing: border-box;
  -webkit-transition: left 150ms cubic-bezier(0.000,0.775,0.775,0.680);
  transition: left 150ms cubic-bezier(0.000,0.775,0.775,0.680);
  box-shadow: inset -5px 0px 8px -5px rgba(0,0,0,0.2);
  position: fixed;
  top: 0;
  left: 0;
  bottom: 0;
  height: 100vh;
  width: 280px;
  padding-right: 4px;
  z-index: 2;
  overflow-x: hidden;
}

<div
  className="emotion-0"
  id="surface"
  onMouseEnter={[Function]}
  onMouseLeave={[Function]}
/>
`;
